
> @weiguangchao/susan@0.0.1 package:smoke /Users/weiguangchao/workspace/susan/packages/tui
> pnpm run build && node scripts/package-smoke.mjs


> @weiguangchao/susan@0.0.1 build /Users/weiguangchao/workspace/susan/packages/tui
> pnpm run build:harness && tsdown


> @weiguangchao/susan@0.0.1 build:harness /Users/weiguangchao/workspace/susan/packages/tui
> pnpm --filter @weiguangchao/susan-harness build


> @weiguangchao/susan-harness@0.0.1 build /Users/weiguangchao/workspace/susan/packages/harness
> pnpm run build:core && tsdown


> @weiguangchao/susan-harness@0.0.1 build:core /Users/weiguangchao/workspace/susan/packages/harness
> pnpm --filter @weiguangchao/susan-core build


> @weiguangchao/susan-core@0.0.1 build /Users/weiguangchao/workspace/susan/packages/core
> tsdown

ℹ tsdown v0.22.14 powered by rolldown v1.2.6
ℹ config file: /Users/weiguangchao/workspace/susan/packages/core/tsdown.config.ts 
ℹ entry: src/index.ts
ℹ target: node22.0.0
ℹ tsconfig: tsconfig.json
ℹ Build start
ℹ Cleaning 2 files
ℹ dist/index.js    0.49 kB │ gzip: 0.25 kB
ℹ dist/index.d.ts  0.48 kB │ gzip: 0.24 kB
ℹ 2 files, total: 0.97 kB
✔ Build complete in 382ms
ℹ tsdown v0.22.14 powered by rolldown v1.2.6
ℹ config file: /Users/weiguangchao/workspace/susan/packages/harness/tsdown.config.ts 
ℹ entry: src/index.ts
ℹ target: node22.0.0
ℹ tsconfig: tsconfig.json
ℹ Build start
ℹ Cleaning 2 files
ℹ dist/index.js    190.47 kB │ gzip: 45.69 kB
ℹ dist/index.d.ts   27.26 kB │ gzip:  6.13 kB
ℹ 2 files, total: 217.73 kB
✔ Build complete in 794ms
ℹ tsdown v0.22.14 powered by rolldown v1.2.6
ℹ config file: /Users/weiguangchao/workspace/susan/packages/tui/tsdown.config.ts 
ℹ entry: src/cli.ts
ℹ target: node22.0.0
ℹ tsconfig: tsconfig.json
ℹ Build start
ℹ Cleaning 3 files
ℹ Granting execute permission to dist/cli.js
ℹ dist/cli.js                          1.41 MB
ℹ dist/devtools-ff6yo66G.js          116.94 kB │ gzip: 24.51 kB
ℹ dist/rolldown-runtime-CMFfr-1z.js    1.31 kB │ gzip:  0.65 kB
ℹ 3 files, total: 1.53 MB
✔ Build complete in 97ms
TUI package smoke passed: version=0.0.1 sha256=5a99ac536a7c81252915f5d8ecd8b95ab034d300b704cc6de99bd619bfb9e073 @weiguangchao/susan-harness=0.0.1 @weiguangchao/susan-core=0.0.1 node=v22.23.2 platform=darwin
Smoke artifacts retained: /var/folders/vl/__shcdp52djdnd4hc76s0cr00000gn/T/susan tui smoke-4ZcRqb
